{
  "data": {
    "argIsLimitedString": "123456"
  }
}
