{
  "data": {
    "checkPass": "Varun at Gayatri is passed"
  }
}
